// Jest Snapshot v1, https://goo.gl/fbAQLP

exports[`Interaction should simulate onClick 1`] = `
<View
  style={
    Object {
      "flex": 1,
    }
  }
>
  <View
    style={
      Object {
        "transform": Array [
          Object {
            "translateY": 0,
          },
        ],
      }
    }
  >
    <Image
      source={
        Object {
          "canInstrument": true,
          "createTransformer": [Function],
          "getCacheKey": [Function],
          "process": [Function],
        }
      }
      style={
        Object {
          "height": 114,
          "width": 114,
        }
      }
    />
  </View>
</View>
`;

exports[`Rendering renders without crashing 1`] = `
<View
  style={
    Object {
      "flex": 1,
    }
  }
>
  <View
    style={
      Object {
        "transform": Array [
          Object {
            "translateY": 0,
          },
        ],
      }
    }
  >
    <Image
      source={
        Object {
          "canInstrument": true,
          "createTransformer": [Function],
          "getCacheKey": [Function],
          "process": [Function],
        }
      }
      style={
        Object {
          "height": 114,
          "width": 114,
        }
      }
    />
  </View>
</View>
`;
