// Jest Snapshot v1, https://goo.gl/fbAQLP

exports[`[Button] should render without crashing 1`] = `
<View
  accessible={true}
  focusable={false}
  onClick={[Function]}
  onResponderGrant={[Function]}
  onResponderMove={[Function]}
  onResponderRelease={[Function]}
  onResponderTerminate={[Function]}
  onResponderTerminationRequest={[Function]}
  onStartShouldSetResponder={[Function]}
  style={
    Object {
      "opacity": 1,
    }
  }
>
  <View
    style={
      Array [
        Object {
          "alignItems": "center",
          "alignSelf": "center",
          "borderColor": "blue",
          "flexDirection": "row",
          "height": 52,
          "justifyContent": "center",
        },
      ]
    }
  >
    <Text
      style={
        Array [
          Object {
            "color": "#069ccd",
            "fontSize": 16,
          },
        ]
      }
    />
  </View>
</View>
`;
