// Jest Snapshot v1, https://goo.gl/fbAQLP

exports[`Interaction should simulate onClick 1`] = `
<View
  style={
    Object {
      "flex": 1,
    }
  }
>
  <View
    style={
      Array [
        Object {
          "alignItems": "center",
          "flexBasis": 0,
          "flexDirection": "column",
          "flexGrow": 1,
          "flexShrink": 1,
          "justifyContent": "center",
        },
      ]
    }
  >
    <Image
      source={
        Object {
          "canInstrument": true,
          "createTransformer": [Function],
          "getCacheKey": [Function],
          "process": [Function],
        }
      }
      style={
        Object {
          "height": 140,
          "width": 140,
        }
      }
    />
    <Text
      style={
        Object {
          "color": "black",
          "fontSize": 24,
          "fontWeight": "bold",
          "marginTop": 40,
          "textAlign": "center",
        }
      }
    >
      There are no feeds
    </Text>
    <Text
      style={
        Object {
          "color": "#808080",
          "fontSize": 14,
          "marginBottom": 40,
          "marginTop": 5,
          "textAlign": "center",
        }
      }
    >
      Become the first publisher of Hygiene activity!
    </Text>
  </View>
</View>
`;

exports[`Rendering renders without crashing 1`] = `
<View
  style={
    Object {
      "flex": 1,
    }
  }
>
  <View
    style={
      Array [
        Object {
          "alignItems": "center",
          "flexBasis": 0,
          "flexDirection": "column",
          "flexGrow": 1,
          "flexShrink": 1,
          "justifyContent": "center",
        },
      ]
    }
  >
    <Image
      source={
        Object {
          "canInstrument": true,
          "createTransformer": [Function],
          "getCacheKey": [Function],
          "process": [Function],
        }
      }
      style={
        Object {
          "height": 140,
          "width": 140,
        }
      }
    />
    <Text
      style={
        Object {
          "color": "black",
          "fontSize": 24,
          "fontWeight": "bold",
          "marginTop": 40,
          "textAlign": "center",
        }
      }
    >
      There are no feeds
    </Text>
    <Text
      style={
        Object {
          "color": "#808080",
          "fontSize": 14,
          "marginBottom": 40,
          "marginTop": 5,
          "textAlign": "center",
        }
      }
    >
      Become the first publisher of Hygiene activity!
    </Text>
  </View>
</View>
`;
