// Jest Snapshot v1, https://goo.gl/fbAQLP

exports[`Interaction should simulate onClick 1`] = `
<View
  style={
    Object {
      "flex": 1,
    }
  }
>
  <RCTSafeAreaView
    emulateUnlessSupported={true}
    style={
      Array [
        Object {
          "alignItems": "center",
          "backgroundColor": "#ffffff",
          "flexBasis": 0,
          "flexDirection": "column",
          "flexGrow": 1,
          "flexShrink": 1,
          "justifyContent": "flex-start",
          "shadowColor": "rgba(34, 34, 34, 0.14)",
          "shadowOffset": Object {
            "height": 4,
            "width": 4,
          },
          "shadowOpacity": 1,
          "shadowRadius": 12,
        },
      ]
    }
  >
    <RCTScrollView
      contentContainerStyle={
        Object {
          "alignItems": "center",
          "justifyContent": "center",
          "width": "100%",
        }
      }
      style={
        Object {
          "width": "100%",
        }
      }
    >
      <View>
        <View
          style={
            Array [
              Object {
                "backgroundColor": "#ffffff",
                "borderColor": "#E6E6E6",
                "borderRadius": 12,
                "borderStyle": "solid",
                "borderWidth": 1,
                "flexDirection": "column",
                "height": 212,
                "paddingBottom": 24,
                "paddingLeft": 30,
                "paddingRight": 30,
                "paddingTop": 24,
                "width": 329,
              },
              Object {
                "marginTop": 34,
              },
            ]
          }
        >
          <View
            style={
              Array [
                Object {
                  "flexDirection": "row",
                },
              ]
            }
          >
            <Image
              resizeMethod="resize"
              source={
                Object {
                  "canInstrument": true,
                  "createTransformer": [Function],
                  "getCacheKey": [Function],
                  "process": [Function],
                }
              }
              style={
                Array [
                  Object {
                    "borderRadius": 35,
                    "height": 70,
                    "width": 70,
                  },
                ]
              }
            />
            <View
              style={
                Array [
                  Object {
                    "alignItems": "flex-start",
                    "flexDirection": "column",
                    "justifyContent": "center",
                  },
                  Object {
                    "marginLeft": 15,
                  },
                ]
              }
            >
              <View
                accessible={true}
                focusable={true}
                onClick={[Function]}
                onResponderGrant={[Function]}
                onResponderMove={[Function]}
                onResponderRelease={[Function]}
                onResponderTerminate={[Function]}
                onResponderTerminationRequest={[Function]}
                onStartShouldSetResponder={[Function]}
                style={
                  Object {
                    "opacity": 1,
                  }
                }
              >
                <View
                  style={
                    Array [
                      Object {
                        "alignItems": "center",
                        "flexDirection": "row",
                      },
                    ]
                  }
                >
                  <Text
                    style={
                      Array [
                        Object {
                          "color": "black",
                          "fontSize": 24,
                        },
                        Object {
                          "marginRight": 4.5,
                        },
                      ]
                    }
                  >
                    testDisplayName
                  </Text>
                  <SvgMock
                    fill="black"
                  />
                </View>
              </View>
              <View
                accessible={true}
                focusable={true}
                onClick={[Function]}
                onResponderGrant={[Function]}
                onResponderMove={[Function]}
                onResponderRelease={[Function]}
                onResponderTerminate={[Function]}
                onResponderTerminationRequest={[Function]}
                onStartShouldSetResponder={[Function]}
                style={
                  Object {
                    "marginTop": 2,
                    "opacity": 1,
                  }
                }
              >
                <Text
                  style={
                    Object {
                      "color": "#808080",
                      "fontSize": 12,
                    }
                  }
                >
                  Logout
                </Text>
              </View>
            </View>
          </View>
          <View
            style={
              Array [
                Object {
                  "alignItems": "center",
                  "flexDirection": "row",
                  "justifyContent": "space-between",
                  "marginTop": 18,
                },
              ]
            }
          >
            <View
              style={
                Array [
                  Object {
                    "alignItems": "center",
                    "flexDirection": "column",
                    "justifyContent": "center",
                    "width": 82,
                  },
                ]
              }
            >
              <Text
                numberOfLines={1}
                style={
                  Array [
                    Object {
                      "color": "#444444",
                      "fontSize": 14,
                      "fontWeight": "bold",
                    },
                  ]
                }
              >
                Mission
              </Text>
              <Text
                numberOfLines={1}
                style={
                  Array [
                    Object {
                      "color": "#444444",
                      "fontSize": 24,
                      "marginTop": 8,
                    },
                  ]
                }
              >
                0
              </Text>
            </View>
            <View
              style={
                Array [
                  Object {
                    "backgroundColor": "#E6E6E6",
                    "height": 32,
                    "width": 1,
                  },
                ]
              }
            />
            <View
              style={
                Array [
                  Object {
                    "alignItems": "center",
                    "flexDirection": "column",
                    "justifyContent": "center",
                    "width": 82,
                  },
                ]
              }
            >
              <Text
                numberOfLines={1}
                style={
                  Array [
                    Object {
                      "color": "#444444",
                      "fontSize": 14,
                      "fontWeight": "bold",
                    },
                  ]
                }
              >
                Rank
              </Text>
              <Text
                numberOfLines={1}
                style={
                  Array [
                    Object {
                      "color": "#444444",
                      "fontSize": 24,
                      "marginTop": 8,
                    },
                  ]
                }
              >
                0
              </Text>
            </View>
            <View
              style={
                Array [
                  Object {
                    "backgroundColor": "#E6E6E6",
                    "height": 32,
                    "width": 1,
                  },
                ]
              }
            />
            <View
              style={
                Array [
                  Object {
                    "alignItems": "center",
                    "flexDirection": "column",
                    "justifyContent": "center",
                    "width": 82,
                  },
                ]
              }
            >
              <Text
                numberOfLines={1}
                style={
                  Array [
                    Object {
                      "color": "#444444",
                      "fontSize": 14,
                      "fontWeight": "bold",
                    },
                  ]
                }
              >
                Feed
              </Text>
              <Text
                numberOfLines={1}
                style={
                  Array [
                    Object {
                      "color": "#444444",
                      "fontSize": 24,
                      "marginTop": 8,
                    },
                  ]
                }
              >
                0
              </Text>
            </View>
          </View>
        </View>
        <View
          style={
            Object {
              "marginTop": 8,
              "width": "100%",
            }
          }
        >
          <View
            style={
              Object {
                "alignItems": "center",
                "alignSelf": "stretch",
                "backgroundColor": "transparent",
                "borderColor": "#E6E6E6",
                "borderWidth": 0,
                "flexDirection": "row",
                "justifyContent": "center",
                "marginHorizontal": 40,
                "marginTop": 32,
                "minHeight": 40,
              }
            }
          >
            <View
              accessible={true}
              focusable={true}
              onClick={[Function]}
              onResponderGrant={[Function]}
              onResponderMove={[Function]}
              onResponderRelease={[Function]}
              onResponderTerminate={[Function]}
              onResponderTerminationRequest={[Function]}
              onStartShouldSetResponder={[Function]}
              style={
                Object {
                  "flex": 1,
                  "opacity": 1,
                }
              }
              testID="CHILD_0"
            >
              <View
                style={
                  Object {
                    "alignItems": "center",
                    "backgroundColor": "#444444",
                    "borderBottomLeftRadius": 8,
                    "borderTopLeftRadius": 8,
                    "flex": 1,
                    "justifyContent": "center",
                    "minHeight": 40,
                  }
                }
              >
                <Text
                  style={
                    Object {
                      "alignSelf": "center",
                      "color": "#ffffff",
                    }
                  }
                >
                  Feeds
                </Text>
              </View>
            </View>
            <View
              accessible={true}
              focusable={true}
              onClick={[Function]}
              onResponderGrant={[Function]}
              onResponderMove={[Function]}
              onResponderRelease={[Function]}
              onResponderTerminate={[Function]}
              onResponderTerminationRequest={[Function]}
              onStartShouldSetResponder={[Function]}
              style={
                Object {
                  "flex": 1,
                  "opacity": 1,
                }
              }
              testID="CHILD_1"
            >
              <View
                style={
                  Object {
                    "alignItems": "center",
                    "borderBottomRightRadius": 8,
                    "borderColor": "#E6E6E6",
                    "borderTopRightRadius": 8,
                    "borderWidth": 1,
                    "flex": 1,
                    "justifyContent": "center",
                    "minHeight": 40,
                  }
                }
              >
                <Text
                  style={
                    Object {
                      "color": "#808080",
                    }
                  }
                >
                  Badges
                </Text>
              </View>
            </View>
          </View>
          <View
            style={
              Object {
                "alignItems": "center",
                "justifyContent": "center",
              }
            }
          >
            <View
              style={
                Array [
                  Object {
                    "alignItems": "center",
                    "flexDirection": "column",
                    "justifyContent": "center",
                    "paddingBottom": 40,
                    "paddingTop": 18,
                    "width": "100%",
                  },
                ]
              }
            />
          </View>
        </View>
      </View>
    </RCTScrollView>
  </RCTSafeAreaView>
</View>
`;

exports[`Rendering renders without crashing 1`] = `
<View
  style={
    Object {
      "flex": 1,
    }
  }
>
  <RCTSafeAreaView
    emulateUnlessSupported={true}
    style={
      Array [
        Object {
          "alignItems": "center",
          "backgroundColor": "#ffffff",
          "flexBasis": 0,
          "flexDirection": "column",
          "flexGrow": 1,
          "flexShrink": 1,
          "justifyContent": "flex-start",
          "shadowColor": "rgba(34, 34, 34, 0.14)",
          "shadowOffset": Object {
            "height": 4,
            "width": 4,
          },
          "shadowOpacity": 1,
          "shadowRadius": 12,
        },
      ]
    }
  >
    <RCTScrollView
      contentContainerStyle={
        Object {
          "alignItems": "center",
          "justifyContent": "center",
          "width": "100%",
        }
      }
      style={
        Object {
          "width": "100%",
        }
      }
    >
      <View>
        <View
          style={
            Array [
              Object {
                "backgroundColor": "#ffffff",
                "borderColor": "#E6E6E6",
                "borderRadius": 12,
                "borderStyle": "solid",
                "borderWidth": 1,
                "flexDirection": "column",
                "height": 212,
                "paddingBottom": 24,
                "paddingLeft": 30,
                "paddingRight": 30,
                "paddingTop": 24,
                "width": 329,
              },
              Object {
                "marginTop": 34,
              },
            ]
          }
        >
          <View
            style={
              Array [
                Object {
                  "flexDirection": "row",
                },
              ]
            }
          >
            <Image
              resizeMethod="resize"
              source={
                Object {
                  "canInstrument": true,
                  "createTransformer": [Function],
                  "getCacheKey": [Function],
                  "process": [Function],
                }
              }
              style={
                Array [
                  Object {
                    "borderRadius": 35,
                    "height": 70,
                    "width": 70,
                  },
                ]
              }
            />
            <View
              style={
                Array [
                  Object {
                    "alignItems": "flex-start",
                    "flexDirection": "column",
                    "justifyContent": "center",
                  },
                  Object {
                    "marginLeft": 15,
                  },
                ]
              }
            >
              <View
                accessible={true}
                focusable={true}
                onClick={[Function]}
                onResponderGrant={[Function]}
                onResponderMove={[Function]}
                onResponderRelease={[Function]}
                onResponderTerminate={[Function]}
                onResponderTerminationRequest={[Function]}
                onStartShouldSetResponder={[Function]}
                style={
                  Object {
                    "opacity": 1,
                  }
                }
              >
                <View
                  style={
                    Array [
                      Object {
                        "alignItems": "center",
                        "flexDirection": "row",
                      },
                    ]
                  }
                >
                  <Text
                    style={
                      Array [
                        Object {
                          "color": "black",
                          "fontSize": 24,
                        },
                        Object {
                          "marginRight": 4.5,
                        },
                      ]
                    }
                  >
                    testDisplayName
                  </Text>
                  <SvgMock
                    fill="black"
                  />
                </View>
              </View>
              <View
                accessible={true}
                focusable={true}
                onClick={[Function]}
                onResponderGrant={[Function]}
                onResponderMove={[Function]}
                onResponderRelease={[Function]}
                onResponderTerminate={[Function]}
                onResponderTerminationRequest={[Function]}
                onStartShouldSetResponder={[Function]}
                style={
                  Object {
                    "marginTop": 2,
                    "opacity": 1,
                  }
                }
              >
                <Text
                  style={
                    Object {
                      "color": "#808080",
                      "fontSize": 12,
                    }
                  }
                >
                  Logout
                </Text>
              </View>
            </View>
          </View>
          <View
            style={
              Array [
                Object {
                  "alignItems": "center",
                  "flexDirection": "row",
                  "justifyContent": "space-between",
                  "marginTop": 18,
                },
              ]
            }
          >
            <View
              style={
                Array [
                  Object {
                    "alignItems": "center",
                    "flexDirection": "column",
                    "justifyContent": "center",
                    "width": 82,
                  },
                ]
              }
            >
              <Text
                numberOfLines={1}
                style={
                  Array [
                    Object {
                      "color": "#444444",
                      "fontSize": 14,
                      "fontWeight": "bold",
                    },
                  ]
                }
              >
                Mission
              </Text>
              <Text
                numberOfLines={1}
                style={
                  Array [
                    Object {
                      "color": "#444444",
                      "fontSize": 24,
                      "marginTop": 8,
                    },
                  ]
                }
              >
                0
              </Text>
            </View>
            <View
              style={
                Array [
                  Object {
                    "backgroundColor": "#E6E6E6",
                    "height": 32,
                    "width": 1,
                  },
                ]
              }
            />
            <View
              style={
                Array [
                  Object {
                    "alignItems": "center",
                    "flexDirection": "column",
                    "justifyContent": "center",
                    "width": 82,
                  },
                ]
              }
            >
              <Text
                numberOfLines={1}
                style={
                  Array [
                    Object {
                      "color": "#444444",
                      "fontSize": 14,
                      "fontWeight": "bold",
                    },
                  ]
                }
              >
                Rank
              </Text>
              <Text
                numberOfLines={1}
                style={
                  Array [
                    Object {
                      "color": "#444444",
                      "fontSize": 24,
                      "marginTop": 8,
                    },
                  ]
                }
              >
                0
              </Text>
            </View>
            <View
              style={
                Array [
                  Object {
                    "backgroundColor": "#E6E6E6",
                    "height": 32,
                    "width": 1,
                  },
                ]
              }
            />
            <View
              style={
                Array [
                  Object {
                    "alignItems": "center",
                    "flexDirection": "column",
                    "justifyContent": "center",
                    "width": 82,
                  },
                ]
              }
            >
              <Text
                numberOfLines={1}
                style={
                  Array [
                    Object {
                      "color": "#444444",
                      "fontSize": 14,
                      "fontWeight": "bold",
                    },
                  ]
                }
              >
                Feed
              </Text>
              <Text
                numberOfLines={1}
                style={
                  Array [
                    Object {
                      "color": "#444444",
                      "fontSize": 24,
                      "marginTop": 8,
                    },
                  ]
                }
              >
                0
              </Text>
            </View>
          </View>
        </View>
        <View
          style={
            Object {
              "marginTop": 8,
              "width": "100%",
            }
          }
        >
          <View
            style={
              Object {
                "alignItems": "center",
                "alignSelf": "stretch",
                "backgroundColor": "transparent",
                "borderColor": "#E6E6E6",
                "borderWidth": 0,
                "flexDirection": "row",
                "justifyContent": "center",
                "marginHorizontal": 40,
                "marginTop": 32,
                "minHeight": 40,
              }
            }
          >
            <View
              accessible={true}
              focusable={true}
              onClick={[Function]}
              onResponderGrant={[Function]}
              onResponderMove={[Function]}
              onResponderRelease={[Function]}
              onResponderTerminate={[Function]}
              onResponderTerminationRequest={[Function]}
              onStartShouldSetResponder={[Function]}
              style={
                Object {
                  "flex": 1,
                  "opacity": 1,
                }
              }
              testID="CHILD_0"
            >
              <View
                style={
                  Object {
                    "alignItems": "center",
                    "backgroundColor": "#444444",
                    "borderBottomLeftRadius": 8,
                    "borderTopLeftRadius": 8,
                    "flex": 1,
                    "justifyContent": "center",
                    "minHeight": 40,
                  }
                }
              >
                <Text
                  style={
                    Object {
                      "alignSelf": "center",
                      "color": "#ffffff",
                    }
                  }
                >
                  Feeds
                </Text>
              </View>
            </View>
            <View
              accessible={true}
              focusable={true}
              onClick={[Function]}
              onResponderGrant={[Function]}
              onResponderMove={[Function]}
              onResponderRelease={[Function]}
              onResponderTerminate={[Function]}
              onResponderTerminationRequest={[Function]}
              onStartShouldSetResponder={[Function]}
              style={
                Object {
                  "flex": 1,
                  "opacity": 1,
                }
              }
              testID="CHILD_1"
            >
              <View
                style={
                  Object {
                    "alignItems": "center",
                    "borderBottomRightRadius": 8,
                    "borderColor": "#E6E6E6",
                    "borderTopRightRadius": 8,
                    "borderWidth": 1,
                    "flex": 1,
                    "justifyContent": "center",
                    "minHeight": 40,
                  }
                }
              >
                <Text
                  style={
                    Object {
                      "color": "#808080",
                    }
                  }
                >
                  Badges
                </Text>
              </View>
            </View>
          </View>
          <View
            style={
              Object {
                "alignItems": "center",
                "justifyContent": "center",
              }
            }
          >
            <View
              style={
                Array [
                  Object {
                    "alignItems": "center",
                    "flexDirection": "column",
                    "justifyContent": "center",
                    "paddingBottom": 40,
                    "paddingTop": 18,
                    "width": "100%",
                  },
                ]
              }
            />
          </View>
        </View>
      </View>
    </RCTScrollView>
  </RCTSafeAreaView>
</View>
`;
