// Jest Snapshot v1, https://goo.gl/fbAQLP

exports[`[Temp] render renders without crashing 1`] = `
<View
  style={
    Object {
      "flex": 1,
    }
  }
>
  <View
    style={
      Array [
        Object {
          "alignItems": "center",
          "backgroundColor": "#ffffff",
          "flexBasis": 0,
          "flexDirection": "row",
          "flexGrow": 1,
          "flexShrink": 1,
          "justifyContent": "center",
        },
      ]
    }
  >
    <View
      accessible={true}
      focusable={true}
      onClick={[Function]}
      onResponderGrant={[Function]}
      onResponderMove={[Function]}
      onResponderRelease={[Function]}
      onResponderTerminate={[Function]}
      onResponderTerminationRequest={[Function]}
      onStartShouldSetResponder={[Function]}
      style={
        Object {
          "opacity": 1,
        }
      }
      testID="btn-back"
    >
      <View
        style={
          Array [
            Object {
              "alignItems": "center",
              "alignSelf": "center",
              "borderColor": "blue",
              "flexDirection": "row",
              "height": 52,
              "justifyContent": "center",
            },
            Object {
              "backgroundColor": "#333333",
            },
          ]
        }
      >
        <Text
          style={
            Array [
              Object {
                "color": "#069ccd",
                "fontSize": 16,
              },
            ]
          }
        >
          GO BACK
        </Text>
      </View>
    </View>
  </View>
</View>
`;

exports[`[Temp] render should render [Dark] theme 1`] = `
<View
  style={
    Object {
      "flex": 1,
    }
  }
>
  <View
    style={
      Array [
        Object {
          "alignItems": "center",
          "backgroundColor": "#191919",
          "flexBasis": 0,
          "flexDirection": "row",
          "flexGrow": 1,
          "flexShrink": 1,
          "justifyContent": "center",
        },
      ]
    }
  >
    <View
      accessible={true}
      focusable={true}
      onClick={[Function]}
      onResponderGrant={[Function]}
      onResponderMove={[Function]}
      onResponderRelease={[Function]}
      onResponderTerminate={[Function]}
      onResponderTerminationRequest={[Function]}
      onStartShouldSetResponder={[Function]}
      style={
        Object {
          "opacity": 1,
        }
      }
      testID="btn-back"
    >
      <View
        style={
          Array [
            Object {
              "alignItems": "center",
              "alignSelf": "center",
              "borderColor": "blue",
              "flexDirection": "row",
              "height": 52,
              "justifyContent": "center",
            },
            Object {
              "backgroundColor": "#333333",
            },
          ]
        }
      >
        <Text
          style={
            Array [
              Object {
                "color": "#069ccd",
                "fontSize": 16,
              },
            ]
          }
        >
          GO BACK
        </Text>
      </View>
    </View>
  </View>
</View>
`;
